// Jest Snapshot v1, https://goo.gl/fbAQLP

exports[`TextInput displays label and text-input 1`] = `
<div
  className="form-control"
>
  <label
    className="input-group"
  >
    <span>
      Email
    </span>
    <input
      className="input input-bordered input-primary text-base-content"
      placeholder="info@sionnach.solutions"
      type="text"
    />
  </label>
</div>
`;
