// Jest Snapshot v1, https://goo.gl/fbAQLP

exports[`Dropdown default 1`] = `
<div
  className="dropdown"
>
  <div
    className="m-1 btn btn-secondary"
    tabIndex={0}
  >
    Change Theme
  </div>
  <p>
    hello world
  </p>
</div>
`;
