// Jest Snapshot v1, https://goo.gl/fbAQLP

exports[`ListLink exists with class 1`] = `
<li
  className="my-2"
>
  <a
    className="transition-colors duration-200 hover:text-neutral-focus"
    href="#"
  >
    Click Me!
  </a>
</li>
`;
